2026-01-23T04:15:20.2241309Z Current runner version: '2.331.0'
2026-01-23T04:15:20.2273715Z ##[group]Runner Image Provisioner
2026-01-23T04:15:20.2274963Z Hosted Compute Agent
2026-01-23T04:15:20.2275971Z Version: 20260115.477
2026-01-23T04:15:20.2276970Z Commit: 4b342d620503cbe250a3154040964899ea7c9b00
2026-01-23T04:15:20.2278079Z Build Date: 2026-01-15T22:32:41Z
2026-01-23T04:15:20.2279317Z Worker ID: {19710cd5-c6c4-4c34-956f-5ebcd5e706c2}
2026-01-23T04:15:20.2280713Z Azure Region: eastus2
2026-01-23T04:15:20.2281568Z ##[endgroup]
2026-01-23T04:15:20.2283916Z ##[group]Operating System
2026-01-23T04:15:20.2284907Z Ubuntu
2026-01-23T04:15:20.2285737Z 24.04.3
2026-01-23T04:15:20.2286520Z LTS
2026-01-23T04:15:20.2287424Z ##[endgroup]
2026-01-23T04:15:20.2288152Z ##[group]Runner Image
2026-01-23T04:15:20.2289149Z Image: ubuntu-24.04
2026-01-23T04:15:20.2290222Z Version: 20260119.4.1
2026-01-23T04:15:20.2292233Z Included Software: https://github.com/actions/runner-images/blob/ubuntu24/20260119.4/images/ubuntu/Ubuntu2404-Readme.md
2026-01-23T04:15:20.2294950Z Image Release: https://github.com/actions/runner-images/releases/tag/ubuntu24%2F20260119.4
2026-01-23T04:15:20.2296717Z ##[endgroup]
2026-01-23T04:15:20.2298696Z ##[group]GITHUB_TOKEN Permissions
2026-01-23T04:15:20.2301613Z Contents: read
2026-01-23T04:15:20.2302557Z Metadata: read
2026-01-23T04:15:20.2303498Z Packages: read
2026-01-23T04:15:20.2304250Z ##[endgroup]
2026-01-23T04:15:20.2307420Z Secret source: Actions
2026-01-23T04:15:20.2308449Z Prepare workflow directory
2026-01-23T04:15:20.2882602Z Prepare all required actions
2026-01-23T04:15:20.2937207Z Getting action download info
2026-01-23T04:15:20.5682499Z Download action repository 'actions/checkout@v4' (SHA:34e114876b0b11c390a56381ad16ebd13914f8d5)
2026-01-23T04:15:20.6934369Z Download action repository 'actions/cache@v4' (SHA:0057852bfaa89a56745cba8c7296529d2fc39830)
2026-01-23T04:15:20.9060751Z Complete job name: Arch (Full)
2026-01-23T04:15:20.9536440Z ##[group]Checking docker version
2026-01-23T04:15:20.9549311Z ##[command]/usr/bin/docker version --format '{{.Server.APIVersion}}'
2026-01-23T04:15:21.0424413Z '1.48'
2026-01-23T04:15:21.0436966Z Docker daemon API version: '1.48'
2026-01-23T04:15:21.0437720Z ##[command]/usr/bin/docker version --format '{{.Client.APIVersion}}'
2026-01-23T04:15:21.0606417Z '1.48'
2026-01-23T04:15:21.0620442Z Docker client API version: '1.48'
2026-01-23T04:15:21.0625986Z ##[endgroup]
2026-01-23T04:15:21.0629110Z ##[group]Clean up resources from previous jobs
2026-01-23T04:15:21.0634808Z ##[command]/usr/bin/docker ps --all --quiet --no-trunc --filter "label=ffa2ae"
2026-01-23T04:15:21.0777915Z ##[command]/usr/bin/docker network prune --force --filter "label=ffa2ae"
2026-01-23T04:15:21.0906310Z ##[endgroup]
2026-01-23T04:15:21.0906813Z ##[group]Create local container network
2026-01-23T04:15:21.0916759Z ##[command]/usr/bin/docker network create --label ffa2ae github_network_e011d551e56740558201aef1848b9473
2026-01-23T04:15:21.1414675Z 4f5e5ca1bd8b30cf8bc00ca6ddcdab788d15c4f7574863279f9dbcbd1d7407ef
2026-01-23T04:15:21.1433533Z ##[endgroup]
2026-01-23T04:15:21.1457420Z ##[group]Starting job container
2026-01-23T04:15:21.1478495Z ##[command]/usr/bin/docker pull archlinux:latest
2026-01-23T04:15:21.4413574Z latest: Pulling from library/archlinux
2026-01-23T04:15:21.5200040Z 43b8931ca17a: Pulling fs layer
2026-01-23T04:15:21.5201033Z 8361e5378b82: Pulling fs layer
2026-01-23T04:15:21.6097833Z 8361e5378b82: Verifying Checksum
2026-01-23T04:15:22.2832311Z 8361e5378b82: Download complete
2026-01-23T04:15:22.2833007Z 43b8931ca17a: Verifying Checksum
2026-01-23T04:15:22.2833491Z 43b8931ca17a: Download complete
2026-01-23T04:15:27.3172358Z 43b8931ca17a: Pull complete
2026-01-23T04:15:27.3374114Z 8361e5378b82: Pull complete
2026-01-23T04:15:27.3465796Z Digest: sha256:f5add4183c5f05abf3b65489447aee6d5714db735cd639d4000505a59838e1c1
2026-01-23T04:15:27.3504283Z Status: Downloaded newer image for archlinux:latest
2026-01-23T04:15:27.3518337Z docker.io/library/archlinux:latest
2026-01-23T04:15:27.3609565Z ##[command]/usr/bin/docker create --name 2d1d53f660ef471a9988ce1b17314880_archlinuxlatest_b0fcfb --label ffa2ae --workdir /__w/omg/omg --network github_network_e011d551e56740558201aef1848b9473  -e "HOME=/github/home" -e GITHUB_ACTIONS=true -e CI=true -v "/var/run/docker.sock":"/var/run/docker.sock" -v "/home/runner/work":"/__w" -v "/home/runner/actions-runner/cached/externals":"/__e":ro -v "/home/runner/work/_temp":"/__w/_temp" -v "/home/runner/work/_actions":"/__w/_actions" -v "/opt/hostedtoolcache":"/__t" -v "/home/runner/work/_temp/_github_home":"/github/home" -v "/home/runner/work/_temp/_github_workflow":"/github/workflow" --entrypoint "tail" archlinux:latest "-f" "/dev/null"
2026-01-23T04:15:28.2087708Z ef49fc72af79922a6a6775f290c69ee6641ff4bded7cb9203df576cec4cd6800
2026-01-23T04:15:28.2111850Z ##[command]/usr/bin/docker start ef49fc72af79922a6a6775f290c69ee6641ff4bded7cb9203df576cec4cd6800
2026-01-23T04:15:28.3851212Z ef49fc72af79922a6a6775f290c69ee6641ff4bded7cb9203df576cec4cd6800
2026-01-23T04:15:28.3869172Z ##[command]/usr/bin/docker ps --all --filter id=ef49fc72af79922a6a6775f290c69ee6641ff4bded7cb9203df576cec4cd6800 --filter status=running --no-trunc --format "{{.ID}} {{.Status}}"
2026-01-23T04:15:28.3984186Z ef49fc72af79922a6a6775f290c69ee6641ff4bded7cb9203df576cec4cd6800 Up Less than a second
2026-01-23T04:15:28.4003896Z ##[command]/usr/bin/docker inspect --format "{{range .Config.Env}}{{println .}}{{end}}" ef49fc72af79922a6a6775f290c69ee6641ff4bded7cb9203df576cec4cd6800
2026-01-23T04:15:28.4124593Z HOME=/github/home
2026-01-23T04:15:28.4125389Z GITHUB_ACTIONS=true
2026-01-23T04:15:28.4125809Z CI=true
2026-01-23T04:15:28.4126346Z PATH=/usr/local/sbin:/usr/local/bin:/usr/sbin:/usr/bin:/sbin:/bin
2026-01-23T04:15:28.4127008Z LANG=C.UTF-8
2026-01-23T04:15:28.4145709Z ##[endgroup]
2026-01-23T04:15:28.4155067Z ##[group]Waiting for all services to be ready
2026-01-23T04:15:28.4156898Z ##[endgroup]
2026-01-23T04:15:28.4339110Z ##[group]Run pacman -Syu --noconfirm
2026-01-23T04:15:28.4339545Z [36;1mpacman -Syu --noconfirm[0m
2026-01-23T04:15:28.4340387Z [36;1mpacman -S --noconfirm base-devel git rust cargo pkgconf openssl libarchive clang[0m
2026-01-23T04:15:28.4344415Z shell: sh -e {0}
2026-01-23T04:15:28.4344920Z env:
2026-01-23T04:15:28.4345156Z   CARGO_TERM_COLOR: always
2026-01-23T04:15:28.4345436Z   RUSTFLAGS: -D warnings
2026-01-23T04:15:28.4345689Z ##[endgroup]
2026-01-23T04:15:28.5116610Z :: Synchronizing package databases...
2026-01-23T04:15:28.8918923Z  core downloading...
2026-01-23T04:15:28.8919318Z  extra downloading...
2026-01-23T04:15:28.8920695Z :: Starting full system upgrade...
2026-01-23T04:15:29.0715007Z resolving dependencies...
2026-01-23T04:15:29.0740179Z looking for conflicting packages...
2026-01-23T04:15:29.0751353Z 
2026-01-23T04:15:29.0751917Z Package (6)             Old Version               New Version               Net Change  Download Size
2026-01-23T04:15:29.0752645Z 
2026-01-23T04:15:29.0753194Z core/glibc              2.42+r50+g453e6b8dbab9-1  2.42+r51+gcbf39c26b258-1    0.00 MiB      10.15 MiB
2026-01-23T04:15:29.0754464Z core/libnghttp3         1.14.0-1                  1.15.0-1                    0.00 MiB       0.08 MiB
2026-01-23T04:15:29.0755467Z core/libngtcp2          1.19.0-1                  1.20.0-1                    0.00 MiB       0.19 MiB
2026-01-23T04:15:29.0756379Z core/libp11-kit         0.25.10-2                 0.26.1-1                    0.32 MiB       0.48 MiB
2026-01-23T04:15:29.0757253Z core/p11-kit            0.25.10-2                 0.26.1-1                    0.06 MiB       0.24 MiB
2026-01-23T04:15:29.0758422Z core/pacman-mirrorlist  20251021-1                20260105-1                 -0.02 MiB       0.01 MiB
2026-01-23T04:15:29.0759050Z 
2026-01-23T04:15:29.0759227Z Total Download Size:   11.14 MiB
2026-01-23T04:15:29.0759949Z Total Installed Size:  54.93 MiB
2026-01-23T04:15:29.0760447Z Net Upgrade Size:       0.36 MiB
2026-01-23T04:15:29.0760707Z 
2026-01-23T04:15:29.0760899Z :: Proceed with installation? [Y/n] 
2026-01-23T04:15:29.0761387Z :: Retrieving packages...
2026-01-23T04:15:29.1153228Z  glibc-2.42+r51+gcbf39c26b258-1-x86_64 downloading...
2026-01-23T04:15:29.1153746Z  libp11-kit-0.26.1-1-x86_64 downloading...
2026-01-23T04:15:29.1154104Z  p11-kit-0.26.1-1-x86_64 downloading...
2026-01-23T04:15:29.1154461Z  libngtcp2-1.20.0-1-x86_64 downloading...
2026-01-23T04:15:29.1154827Z  libnghttp3-1.15.0-1-x86_64 downloading...
2026-01-23T04:15:29.1155211Z  pacman-mirrorlist-20260105-1-any downloading...
2026-01-23T04:15:29.1155592Z checking keyring...
2026-01-23T04:15:29.1720424Z checking package integrity...
2026-01-23T04:15:29.3168123Z loading package files...
2026-01-23T04:15:29.3243780Z checking for file conflicts...
2026-01-23T04:15:29.3250130Z :: Processing package changes...
2026-01-23T04:15:29.3251841Z upgrading glibc...
2026-01-23T04:15:29.6197885Z Generating locales...
2026-01-23T04:15:29.6267155Z Generation complete.
2026-01-23T04:15:29.6513958Z upgrading libnghttp3...
2026-01-23T04:15:29.6579585Z upgrading libp11-kit...
2026-01-23T04:15:29.6726822Z upgrading libngtcp2...
2026-01-23T04:15:29.6801341Z upgrading p11-kit...
2026-01-23T04:15:29.6946223Z upgrading pacman-mirrorlist...
2026-01-23T04:15:29.8750985Z :: Running post-transaction hooks...
2026-01-23T04:15:29.8751521Z (1/2) Reloading user manager configuration...
2026-01-23T04:15:29.9390968Z   Skipped: Current root is not booted.
2026-01-23T04:15:29.9393987Z (2/2) Arming ConditionNeedsUpdate...
2026-01-23T04:15:30.2228289Z warning: openssl-3.6.0-1 is up to date -- reinstalling
2026-01-23T04:15:30.2229021Z warning: libarchive-3.8.5-1 is up to date -- reinstalling
2026-01-23T04:15:30.2230066Z :: There are 2 providers available for cargo:
2026-01-23T04:15:30.2230631Z :: Repository extra
2026-01-23T04:15:30.2231019Z    1) rust  2) rustup
2026-01-23T04:15:30.2231265Z 
2026-01-23T04:15:30.2231438Z Enter a number (default=1): 
2026-01-23T04:15:30.2231912Z resolving dependencies...
2026-01-23T04:15:30.2258972Z looking for conflicting packages...
2026-01-23T04:15:30.2291829Z 
2026-01-23T04:15:30.2292553Z Package (38)          Old Version  New Version                  Net Change  Download Size
2026-01-23T04:15:30.2293324Z 
2026-01-23T04:15:30.2293664Z core/autoconf                      2.72-1                         2.22 MiB       0.64 MiB
2026-01-23T04:15:30.2294416Z core/automake                      1.18.1-1                       1.64 MiB       0.62 MiB
2026-01-23T04:15:30.2295247Z core/bison                         3.8.2-8                        2.52 MiB       0.75 MiB
2026-01-23T04:15:30.2296082Z extra/compiler-rt                  21.1.6-1                      46.11 MiB       3.70 MiB
2026-01-23T04:15:30.2296869Z core/db5.3                         5.3.28-5                       6.45 MiB       1.18 MiB
2026-01-23T04:15:30.2298620Z core/debugedit                     5.2-1                          0.11 MiB       0.05 MiB
2026-01-23T04:15:30.2299457Z core/diffutils                     3.12-2                         1.50 MiB       0.33 MiB
2026-01-23T04:15:30.2300448Z core/fakeroot                      1.37.2-1                       0.14 MiB       0.08 MiB
2026-01-23T04:15:30.2301010Z core/flex                          2.6.4-5                        0.93 MiB       0.30 MiB
2026-01-23T04:15:30.2301624Z core/gc                            8.2.10-2                       0.76 MiB       0.23 MiB
2026-01-23T04:15:30.2302250Z core/gcc                           15.2.1+r447+g6a64f6c3ebb8-1  208.81 MiB      54.07 MiB
2026-01-23T04:15:30.2303155Z core/groff                         1.23.0-7                       8.84 MiB       2.26 MiB
2026-01-23T04:15:30.2303678Z core/guile                         3.0.11-1                      54.49 MiB       8.39 MiB
2026-01-23T04:15:30.2304275Z core/libedit                       20250104_3.1-1                 0.26 MiB       0.11 MiB
2026-01-23T04:15:30.2305120Z core/libisl                        0.27-1                         5.75 MiB       0.87 MiB
2026-01-23T04:15:30.2305921Z core/libmpc                        1.3.1-2                        0.18 MiB       0.08 MiB
2026-01-23T04:15:30.2306748Z core/libtool                       2.6.0-3                        2.33 MiB       0.42 MiB
2026-01-23T04:15:30.2307914Z extra/lld                          21.1.6-1                       6.83 MiB       1.99 MiB
2026-01-23T04:15:30.2308706Z extra/llvm-libs                    21.1.6-2                     150.01 MiB      38.45 MiB
2026-01-23T04:15:30.2309607Z core/m4                            1.4.20-1                       0.70 MiB       0.26 MiB
2026-01-23T04:15:30.2310862Z core/make                          4.4.1-2                        1.67 MiB       0.51 MiB
2026-01-23T04:15:30.2311850Z core/patch                         2.8-1                          0.17 MiB       0.08 MiB
2026-01-23T04:15:30.2312867Z core/perl                          5.42.0-1                      69.88 MiB      20.40 MiB
2026-01-23T04:15:30.2313956Z extra/perl-error                   0.17030-3                      0.04 MiB       0.02 MiB
2026-01-23T04:15:30.2315037Z extra/perl-mailtools               2.22-3                         0.10 MiB       0.06 MiB
2026-01-23T04:15:30.2316018Z extra/perl-timedate                2.33-9                         0.08 MiB       0.03 MiB
2026-01-23T04:15:30.2317247Z core/sudo                          1.9.17.p2-2                    7.83 MiB       1.84 MiB
2026-01-23T04:15:30.2318048Z core/texinfo                       7.2-1                         11.51 MiB       1.99 MiB
2026-01-23T04:15:30.2318934Z core/which                         2.23-1                         0.03 MiB       0.02 MiB
2026-01-23T04:15:30.2319595Z extra/xxhash                       0.8.3-1                        0.39 MiB       0.10 MiB
2026-01-23T04:15:30.2320566Z extra/zlib-ng                      2.3.2-1                        0.28 MiB       0.11 MiB
2026-01-23T04:15:30.2321301Z core/base-devel                    1-2                            0.00 MiB       0.00 MiB
2026-01-23T04:15:30.2322294Z extra/clang                        21.1.6-3                     217.27 MiB      48.80 MiB
2026-01-23T04:15:30.2323091Z extra/git                          2.52.0-2                      29.63 MiB       6.81 MiB
2026-01-23T04:15:30.2323927Z core/libarchive       3.8.5-1      3.8.5-1                        0.00 MiB       0.55 MiB
2026-01-23T04:15:30.2324852Z core/openssl          3.6.0-1      3.6.0-1                        0.00 MiB       5.35 MiB
2026-01-23T04:15:30.2325647Z core/pkgconf                       2.5.1-1                        0.20 MiB       0.07 MiB
2026-01-23T04:15:30.2326451Z extra/rust                         1:1.92.0-1                   270.84 MiB      68.42 MiB
2026-01-23T04:15:30.2326991Z 
2026-01-23T04:15:30.2327171Z Total Download Size:    269.93 MiB
2026-01-23T04:15:30.2327671Z Total Installed Size:  1123.82 MiB
2026-01-23T04:15:30.2328214Z Net Upgrade Size:      1110.49 MiB
2026-01-23T04:15:30.2328516Z 
2026-01-23T04:15:30.2328720Z :: Proceed with installation? [Y/n] 
2026-01-23T04:15:30.2329099Z :: Retrieving packages...
2026-01-23T04:15:31.1083872Z  rust-1:1.92.0-1-x86_64 downloading...
2026-01-23T04:15:31.1084438Z  gcc-15.2.1+r447+g6a64f6c3ebb8-1-x86_64 downloading...
2026-01-23T04:15:31.1084823Z  clang-21.1.6-3-x86_64 downloading...
2026-01-23T04:15:31.1085139Z  llvm-libs-21.1.6-2-x86_64 downloading...
2026-01-23T04:15:31.1085442Z  perl-5.42.0-1-x86_64 downloading...
2026-01-23T04:15:31.1085739Z  guile-3.0.11-1-x86_64 downloading...
2026-01-23T04:15:31.1086018Z  git-2.52.0-2-x86_64 downloading...
2026-01-23T04:15:31.1086305Z  openssl-3.6.0-1-x86_64 downloading...
2026-01-23T04:15:31.1086634Z  compiler-rt-21.1.6-1-x86_64 downloading...
2026-01-23T04:15:31.1086944Z  groff-1.23.0-7-x86_64 downloading...
2026-01-23T04:15:31.1087231Z  lld-21.1.6-1-x86_64 downloading...
2026-01-23T04:15:31.1087509Z  texinfo-7.2-1-x86_64 downloading...
2026-01-23T04:15:31.1087803Z  sudo-1.9.17.p2-2-x86_64 downloading...
2026-01-23T04:15:31.1088090Z  db5.3-5.3.28-5-x86_64 downloading...
2026-01-23T04:15:31.1088387Z  libisl-0.27-1-x86_64 downloading...
2026-01-23T04:15:31.1088664Z  bison-3.8.2-8-x86_64 downloading...
2026-01-23T04:15:31.1088950Z  autoconf-2.72-1-any downloading...
2026-01-23T04:15:31.1089520Z  automake-1.18.1-1-any downloading...
2026-01-23T04:15:31.1090169Z  libarchive-3.8.5-1-x86_64 downloading...
2026-01-23T04:15:31.1090477Z  make-4.4.1-2-x86_64 downloading...
2026-01-23T04:15:31.1090753Z  libtool-2.6.0-3-x86_64 downloading...
2026-01-23T04:15:31.1091047Z  diffutils-3.12-2-x86_64 downloading...
2026-01-23T04:15:31.1091333Z  flex-2.6.4-5-x86_64 downloading...
2026-01-23T04:15:31.1091615Z  m4-1.4.20-1-x86_64 downloading...
2026-01-23T04:15:31.1091876Z  gc-8.2.10-2-x86_64 downloading...
2026-01-23T04:15:31.1092160Z  libedit-20250104_3.1-1-x86_64 downloading...
2026-01-23T04:15:31.1092458Z  zlib-ng-2.3.2-1-x86_64 downloading...
2026-01-23T04:15:31.1092727Z  xxhash-0.8.3-1-x86_64 downloading...
2026-01-23T04:15:31.1092991Z  patch-2.8-1-x86_64 downloading...
2026-01-23T04:15:31.1093241Z  libmpc-1.3.1-2-x86_64 downloading...
2026-01-23T04:15:31.1093555Z  fakeroot-1.37.2-1-x86_64 downloading...
2026-01-23T04:15:31.1093828Z  pkgconf-2.5.1-1-x86_64 downloading...
2026-01-23T04:15:31.1094115Z  perl-mailtools-2.22-3-any downloading...
2026-01-23T04:15:31.1094403Z  debugedit-5.2-1-x86_64 downloading...
2026-01-23T04:15:31.1094686Z  perl-timedate-2.33-9-any downloading...
2026-01-23T04:15:31.1094972Z  perl-error-0.17030-3-any downloading...
2026-01-23T04:15:31.1095247Z  which-2.23-1-x86_64 downloading...
2026-01-23T04:15:31.1095511Z  base-devel-1-2-any downloading...
2026-01-23T04:15:31.1095758Z checking keyring...
2026-01-23T04:15:31.2030843Z checking package integrity...
2026-01-23T04:15:32.5321365Z loading package files...
2026-01-23T04:15:32.6011397Z checking for file conflicts...
2026-01-23T04:15:32.6291060Z :: Processing package changes...
2026-01-23T04:15:32.6291565Z installing m4...
2026-01-23T04:15:32.6316770Z installing diffutils...
2026-01-23T04:15:32.6353481Z installing db5.3...
2026-01-23T04:15:32.6513594Z installing perl...
2026-01-23T04:15:33.0371358Z installing autoconf...
2026-01-23T04:15:33.0466757Z installing automake...
2026-01-23T04:15:33.0623994Z installing bison...
2026-01-23T04:15:33.0720855Z installing xxhash...
2026-01-23T04:15:33.0746671Z reinstalling openssl...
2026-01-23T04:15:33.1688014Z installing debugedit...
2026-01-23T04:15:33.1697781Z installing fakeroot...
2026-01-23T04:15:33.2423432Z installing flex...
2026-01-23T04:15:33.2480279Z installing libmpc...
2026-01-23T04:15:33.2492767Z installing libisl...
2026-01-23T04:15:33.2657872Z installing gcc...
2026-01-23T04:15:33.8839330Z Optional dependencies for gcc
2026-01-23T04:15:33.8840030Z     lib32-gcc-libs: for generating code for 32-bit ABI
2026-01-23T04:15:33.8840534Z installing groff...
2026-01-23T04:15:33.9525339Z Optional dependencies for groff
2026-01-23T04:15:33.9526002Z     netpbm: for use together with man -H command interaction in browsers
2026-01-23T04:15:33.9526785Z     psutils: for use together with man -H command interaction in browsers
2026-01-23T04:15:33.9527425Z     libxaw: for gxditview
2026-01-23T04:15:33.9527848Z     perl-file-homedir: for use with glilypond
2026-01-23T04:15:33.9528336Z installing libtool...
2026-01-23T04:15:33.9623338Z installing gc...
2026-01-23T04:15:33.9678440Z installing guile...
2026-01-23T04:15:34.1677831Z installing make...
2026-01-23T04:15:34.1714530Z installing patch...
2026-01-23T04:15:34.1726724Z Optional dependencies for patch
2026-01-23T04:15:34.1727180Z     ed: for patch -e functionality
2026-01-23T04:15:34.1727656Z installing pkgconf...
2026-01-23T04:15:34.1795596Z installing sudo...
2026-01-23T04:15:34.1977401Z installing texinfo...
2026-01-23T04:15:34.2778980Z Optional dependencies for texinfo
2026-01-23T04:15:34.2779557Z     perl-archive-zip: EPUB file output via texi2any
2026-01-23T04:15:34.2780180Z installing which...
2026-01-23T04:15:34.2784849Z reinstalling libarchive...
2026-01-23T04:15:34.2881552Z installing base-devel...
2026-01-23T04:15:34.2885959Z installing perl-error...
2026-01-23T04:15:34.2896220Z installing perl-timedate...
2026-01-23T04:15:34.2945909Z installing perl-mailtools...
2026-01-23T04:15:34.2974614Z installing zlib-ng...
2026-01-23T04:15:34.3002360Z installing git...
2026-01-23T04:15:34.4544417Z Optional dependencies for git
2026-01-23T04:15:34.4545064Z     git-zsh-completion: upstream zsh completion
2026-01-23T04:15:34.4545661Z     tk: gitk and git gui
2026-01-23T04:15:34.4546144Z     openssh: ssh transport and crypto
2026-01-23T04:15:34.4546733Z     man: show help with `git command --help`
2026-01-23T04:15:34.4547339Z     perl-libwww: git svn
2026-01-23T04:15:34.4547875Z     perl-term-readkey: git svn and interactive.singlekey setting
2026-01-23T04:15:34.4548551Z     perl-io-socket-ssl: git send-email TLS support
2026-01-23T04:15:34.4549130Z     perl-authen-sasl: git send-email TLS support
2026-01-23T04:15:34.4549876Z     perl-cgi: gitweb (web interface) support
2026-01-23T04:15:34.4550403Z     python: git svn & git p4
2026-01-23T04:15:34.4550804Z     subversion: git svn
2026-01-23T04:15:34.4551315Z     org.freedesktop.secrets: keyring credential helper
2026-01-23T04:15:34.4551959Z     libsecret: libsecret credential helper [installed]
2026-01-23T04:15:34.4552543Z     less: the default pager for git
2026-01-23T04:15:34.4553001Z installing compiler-rt...
2026-01-23T04:15:34.5362667Z installing libedit...
2026-01-23T04:15:34.5385356Z installing llvm-libs...
2026-01-23T04:15:34.8842318Z installing lld...
2026-01-23T04:15:34.9044459Z installing rust...
2026-01-23T04:15:35.4820375Z Optional dependencies for rust
2026-01-23T04:15:35.4820886Z     gdb: rust-gdb script
2026-01-23T04:15:35.4821251Z     lldb: rust-lldb script
2026-01-23T04:15:35.4821628Z installing clang...
2026-01-23T04:15:36.0825547Z Optional dependencies for clang
2026-01-23T04:15:36.0826196Z     openmp: OpenMP support in clang with -fopenmp
2026-01-23T04:15:36.0826752Z     python: for scan-view and git-clang-format
2026-01-23T04:15:36.0827117Z     llvm: referenced by some clang headers
2026-01-23T04:15:37.1861191Z :: Running post-transaction hooks...
2026-01-23T04:15:37.1861616Z (1/5) Creating system user accounts...
2026-01-23T04:15:37.2532105Z Creating group 'git' with GID 969.
2026-01-23T04:15:37.2535991Z Creating user 'git' (git daemon user) with UID 969 and GID 969.
2026-01-23T04:15:37.2616964Z (2/5) Creating temporary files...
2026-01-23T04:15:37.3272892Z /usr/lib/tmpfiles.d/journal-nocow.conf:26: Failed to resolve specifier: uninitialized /etc/ detected, skipping.
2026-01-23T04:15:37.3273544Z All rules containing unresolvable specifiers will be skipped.
2026-01-23T04:15:37.3515129Z (3/5) Reloading system manager configuration...
2026-01-23T04:15:37.4167602Z   Skipped: Current root is not booted.
2026-01-23T04:15:37.4168100Z (4/5) Arming ConditionNeedsUpdate...
2026-01-23T04:15:37.4805870Z (5/5) Checking for old perl modules...
2026-01-23T04:15:37.6193872Z ##[group]Run actions/checkout@v4
2026-01-23T04:15:37.6194134Z with:
2026-01-23T04:15:37.6194315Z   repository: PyRo1121/omg
2026-01-23T04:15:37.6194682Z   token: ***
2026-01-23T04:15:37.6194861Z   ssh-strict: true
2026-01-23T04:15:37.6195051Z   ssh-user: git
2026-01-23T04:15:37.6195229Z   persist-credentials: true
2026-01-23T04:15:37.6195452Z   clean: true
2026-01-23T04:15:37.6195632Z   sparse-checkout-cone-mode: true
2026-01-23T04:15:37.6195862Z   fetch-depth: 1
2026-01-23T04:15:37.6196034Z   fetch-tags: false
2026-01-23T04:15:37.6196209Z   show-progress: true
2026-01-23T04:15:37.6196393Z   lfs: false
2026-01-23T04:15:37.6196549Z   submodules: false
2026-01-23T04:15:37.6196733Z   set-safe-directory: true
2026-01-23T04:15:37.6196949Z env:
2026-01-23T04:15:37.6197106Z   CARGO_TERM_COLOR: always
2026-01-23T04:15:37.6197304Z   RUSTFLAGS: -D warnings
2026-01-23T04:15:37.6197495Z ##[endgroup]
2026-01-23T04:15:37.6238588Z ##[command]/usr/bin/docker exec  ef49fc72af79922a6a6775f290c69ee6641ff4bded7cb9203df576cec4cd6800 sh -c "cat /etc/*release | grep ^ID"
2026-01-23T04:15:37.8288902Z Syncing repository: PyRo1121/omg
2026-01-23T04:15:37.8290396Z ##[group]Getting Git version info
2026-01-23T04:15:37.8290693Z Working directory is '/__w/omg/omg'
2026-01-23T04:15:37.8291148Z [command]/usr/sbin/git version
2026-01-23T04:15:37.8291666Z git version 2.52.0
2026-01-23T04:15:37.8311420Z ##[endgroup]
2026-01-23T04:15:37.8326837Z Temporarily overriding HOME='/__w/_temp/9308d688-a15f-43b4-830b-4323c61a514f' before making global git config changes
2026-01-23T04:15:37.8327554Z Adding repository directory to the temporary git global config as a safe directory
2026-01-23T04:15:37.8334006Z [command]/usr/sbin/git config --global --add safe.directory /__w/omg/omg
2026-01-23T04:15:37.8365095Z Deleting the contents of '/__w/omg/omg'
2026-01-23T04:15:37.8369306Z ##[group]Initializing the repository
2026-01-23T04:15:37.8380841Z [command]/usr/sbin/git init /__w/omg/omg
2026-01-23T04:15:37.8418986Z hint: Using 'master' as the name for the initial branch. This default branch name
2026-01-23T04:15:37.8420856Z hint: will change to "main" in Git 3.0. To configure the initial branch name
2026-01-23T04:15:37.8421956Z hint: to use in all of your new repositories, which will suppress this warning,
2026-01-23T04:15:37.8422652Z hint: call:
2026-01-23T04:15:37.8422954Z hint:
2026-01-23T04:15:37.8423423Z hint: 	git config --global init.defaultBranch <name>
2026-01-23T04:15:37.8423965Z hint:
2026-01-23T04:15:37.8424464Z hint: Names commonly chosen instead of 'master' are 'main', 'trunk' and
2026-01-23T04:15:37.8425386Z hint: 'development'. The just-created branch can be renamed via this command:
2026-01-23T04:15:37.8426041Z hint:
2026-01-23T04:15:37.8426367Z hint: 	git branch -m <name>
2026-01-23T04:15:37.8426749Z hint:
2026-01-23T04:15:37.8427574Z hint: Disable this message with "git config set advice.defaultBranchName false"
2026-01-23T04:15:37.8428652Z Initialized empty Git repository in /__w/omg/omg/.git/
2026-01-23T04:15:37.8434348Z [command]/usr/sbin/git remote add origin https://github.com/PyRo1121/omg
2026-01-23T04:15:37.8464765Z ##[endgroup]
2026-01-23T04:15:37.8465382Z ##[group]Disabling automatic garbage collection
2026-01-23T04:15:37.8468755Z [command]/usr/sbin/git config --local gc.auto 0
2026-01-23T04:15:37.8498272Z ##[endgroup]
2026-01-23T04:15:37.8498880Z ##[group]Setting up auth
2026-01-23T04:15:37.8505494Z [command]/usr/sbin/git config --local --name-only --get-regexp core\.sshCommand
2026-01-23T04:15:37.8534580Z [command]/usr/sbin/git submodule foreach --recursive sh -c "git config --local --name-only --get-regexp 'core\.sshCommand' && git config --local --unset-all 'core.sshCommand' || :"
2026-01-23T04:15:37.8821477Z [command]/usr/sbin/git config --local --name-only --get-regexp http\.https\:\/\/github\.com\/\.extraheader
2026-01-23T04:15:37.8852096Z [command]/usr/sbin/git submodule foreach --recursive sh -c "git config --local --name-only --get-regexp 'http\.https\:\/\/github\.com\/\.extraheader' && git config --local --unset-all 'http.https://github.com/.extraheader' || :"
2026-01-23T04:15:37.9137997Z [command]/usr/sbin/git config --local --name-only --get-regexp ^includeIf\.gitdir:
2026-01-23T04:15:37.9168579Z [command]/usr/sbin/git submodule foreach --recursive git config --local --show-origin --name-only --get-regexp remote.origin.url
2026-01-23T04:15:37.9459118Z [command]/usr/sbin/git config --local http.https://github.com/.extraheader AUTHORIZATION: basic ***
2026-01-23T04:15:37.9494131Z ##[endgroup]
2026-01-23T04:15:37.9494634Z ##[group]Fetching the repository
2026-01-23T04:15:37.9502360Z [command]/usr/sbin/git -c protocol.version=2 fetch --no-tags --prune --no-recurse-submodules --depth=1 origin +d71d2052eb20ee7fcc8b1119d65891c21318fcb6:refs/remotes/origin/main
2026-01-23T04:15:42.9237187Z From https://github.com/PyRo1121/omg
2026-01-23T04:15:42.9237998Z  * [new ref]         d71d2052eb20ee7fcc8b1119d65891c21318fcb6 -> origin/main
2026-01-23T04:15:42.9271753Z ##[endgroup]
2026-01-23T04:15:42.9272459Z ##[group]Determining the checkout info
2026-01-23T04:15:42.9274942Z ##[endgroup]
2026-01-23T04:15:42.9280090Z [command]/usr/sbin/git sparse-checkout disable
2026-01-23T04:15:42.9323618Z [command]/usr/sbin/git config --local --unset-all extensions.worktreeConfig
2026-01-23T04:15:42.9351513Z ##[group]Checking out the ref
2026-01-23T04:15:42.9354774Z [command]/usr/sbin/git checkout --progress --force -B main refs/remotes/origin/main
2026-01-23T04:15:43.5791364Z Switched to a new branch 'main'
2026-01-23T04:15:43.5792775Z branch 'main' set up to track 'origin/main'.
2026-01-23T04:15:43.5918800Z ##[endgroup]
2026-01-23T04:15:43.5956354Z [command]/usr/sbin/git log -1 --format=%H
2026-01-23T04:15:43.5983598Z d71d2052eb20ee7fcc8b1119d65891c21318fcb6
2026-01-23T04:15:43.6120226Z ##[group]Run git config --global --add safe.directory "$GITHUB_WORKSPACE"
2026-01-23T04:15:43.6120914Z [36;1mgit config --global --add safe.directory "$GITHUB_WORKSPACE"[0m
2026-01-23T04:15:43.6121592Z shell: sh -e {0}
2026-01-23T04:15:43.6121874Z env:
2026-01-23T04:15:43.6122148Z   CARGO_TERM_COLOR: always
2026-01-23T04:15:43.6122515Z   RUSTFLAGS: -D warnings
2026-01-23T04:15:43.6122854Z ##[endgroup]
2026-01-23T04:15:43.6703578Z ##[group]Run echo "version=$(rustc --version | cut -d' ' -f2)" >> $GITHUB_OUTPUT
2026-01-23T04:15:43.6704105Z [36;1mecho "version=$(rustc --version | cut -d' ' -f2)" >> $GITHUB_OUTPUT[0m
2026-01-23T04:15:43.6704559Z shell: sh -e {0}
2026-01-23T04:15:43.6704780Z env:
2026-01-23T04:15:43.6704939Z   CARGO_TERM_COLOR: always
2026-01-23T04:15:43.6705147Z   RUSTFLAGS: -D warnings
2026-01-23T04:15:43.6705336Z ##[endgroup]
2026-01-23T04:15:43.8056621Z ##[group]Run actions/cache@v4
2026-01-23T04:15:43.8056870Z with:
2026-01-23T04:15:43.8057073Z   path: ~/.cargo/registry
~/.cargo/git
target

2026-01-23T04:15:43.8057483Z   key: arch-1.92.0-9c1844e35465a87043585d10f4b7053f0721026b99fe3becd047f52bd719f021
2026-01-23T04:15:43.8057887Z   restore-keys: arch-1.92.0-
2026-01-23T04:15:43.8058106Z   enableCrossOsArchive: false
2026-01-23T04:15:43.8058334Z   fail-on-cache-miss: false
2026-01-23T04:15:43.8058533Z   lookup-only: false
2026-01-23T04:15:43.8058719Z   save-always: false
2026-01-23T04:15:43.8058885Z env:
2026-01-23T04:15:43.8059042Z   CARGO_TERM_COLOR: always
2026-01-23T04:15:43.8059241Z   RUSTFLAGS: -D warnings
2026-01-23T04:15:43.8059436Z ##[endgroup]
2026-01-23T04:15:43.8063081Z ##[command]/usr/bin/docker exec  ef49fc72af79922a6a6775f290c69ee6641ff4bded7cb9203df576cec4cd6800 sh -c "cat /etc/*release | grep ^ID"
2026-01-23T04:15:44.1123279Z Cache hit for: arch-1.92.0-9c1844e35465a87043585d10f4b7053f0721026b99fe3becd047f52bd719f021
2026-01-23T04:15:45.1508037Z Received 268435456 of 1626133013 (16.5%), 254.7 MBs/sec
2026-01-23T04:15:46.1474977Z Received 528482304 of 1626133013 (32.5%), 251.2 MBs/sec
2026-01-23T04:15:47.2501854Z Received 805306368 of 1626133013 (49.5%), 247.4 MBs/sec
2026-01-23T04:15:48.2785287Z Received 1073741824 of 1626133013 (66.0%), 247.5 MBs/sec
2026-01-23T04:15:49.2794639Z Received 1342177280 of 1626133013 (82.5%), 249.1 MBs/sec
2026-01-23T04:15:50.2817429Z Received 1610612736 of 1626133013 (99.0%), 250.2 MBs/sec
2026-01-23T04:15:50.3439326Z Received 1626133013 of 1626133013 (100.0%), 250.0 MBs/sec
2026-01-23T04:15:50.3472303Z Cache Size: ~1551 MB (1626133013 B)
2026-01-23T04:15:50.3538418Z [command]/usr/sbin/tar -xf /__w/_temp/6ad9bd47-4aff-45b3-9d29-14f634d344ca/cache.tzst -P -C /__w/omg/omg --use-compress-program unzstd
2026-01-23T04:16:03.7192141Z Cache restored successfully
2026-01-23T04:16:04.2800024Z Cache restored from key: arch-1.92.0-9c1844e35465a87043585d10f4b7053f0721026b99fe3becd047f52bd719f021
2026-01-23T04:16:04.3317612Z ##[group]Run cargo build --release --features arch
2026-01-23T04:16:04.3318647Z [36;1mcargo build --release --features arch[0m
2026-01-23T04:16:04.3319558Z shell: sh -e {0}
2026-01-23T04:16:04.3320296Z env:
2026-01-23T04:16:04.3320774Z   CARGO_TERM_COLOR: always
2026-01-23T04:16:04.3321409Z   RUSTFLAGS: -D warnings
2026-01-23T04:16:04.3321988Z ##[endgroup]
2026-01-23T04:16:06.9517226Z [1m[92m   Compiling[0m omg v0.1.75 (/__w/omg/omg)
2026-01-23T04:16:07.0299211Z [1m[91merror[0m[1m: this file contains an unclosed delimiter[0m
2026-01-23T04:16:07.0300184Z    [1m[94m--> [0msrc/core/sysinfo.rs:240:3
2026-01-23T04:16:07.0300572Z     [1m[94m|[0m
2026-01-23T04:16:07.0300904Z  [1m[94m26[0m [1m[94m|[0m impl SystemInfo {
2026-01-23T04:16:07.0301759Z     [1m[94m|[0m                 [1m[94m-[0m [1m[94munclosed delimiter[0m
2026-01-23T04:16:07.0302193Z [1m[94m...[0m
2026-01-23T04:16:07.0302475Z [1m[94m240[0m [1m[94m|[0m }
2026-01-23T04:16:07.0303035Z     [1m[94m|[0m  [1m[91m^[0m
2026-01-23T04:16:07.0303367Z 
2026-01-23T04:16:07.0372013Z [1m[91merror[0m: could not compile `omg` (lib) due to 1 previous error
2026-01-23T04:16:07.0731115Z ##[error]Process completed with exit code 101.
2026-01-23T04:16:07.0846548Z Post job cleanup.
2026-01-23T04:16:07.0850624Z ##[command]/usr/bin/docker exec  ef49fc72af79922a6a6775f290c69ee6641ff4bded7cb9203df576cec4cd6800 sh -c "cat /etc/*release | grep ^ID"
2026-01-23T04:16:07.2826924Z [command]/usr/sbin/git version
2026-01-23T04:16:07.2882198Z git version 2.52.0
2026-01-23T04:16:07.2922843Z Copying '/github/home/.gitconfig' to '/__w/_temp/24d6f4cc-dcdf-416d-bc52-c213c45ccfeb/.gitconfig'
2026-01-23T04:16:07.2935614Z Temporarily overriding HOME='/__w/_temp/24d6f4cc-dcdf-416d-bc52-c213c45ccfeb' before making global git config changes
2026-01-23T04:16:07.2936945Z Adding repository directory to the temporary git global config as a safe directory
2026-01-23T04:16:07.2941994Z [command]/usr/sbin/git config --global --add safe.directory /__w/omg/omg
2026-01-23T04:16:07.2978792Z [command]/usr/sbin/git config --local --name-only --get-regexp core\.sshCommand
2026-01-23T04:16:07.3015042Z [command]/usr/sbin/git submodule foreach --recursive sh -c "git config --local --name-only --get-regexp 'core\.sshCommand' && git config --local --unset-all 'core.sshCommand' || :"
2026-01-23T04:16:07.3347360Z [command]/usr/sbin/git config --local --name-only --get-regexp http\.https\:\/\/github\.com\/\.extraheader
2026-01-23T04:16:07.3371739Z http.https://github.com/.extraheader
2026-01-23T04:16:07.3386077Z [command]/usr/sbin/git config --local --unset-all http.https://github.com/.extraheader
2026-01-23T04:16:07.3418660Z [command]/usr/sbin/git submodule foreach --recursive sh -c "git config --local --name-only --get-regexp 'http\.https\:\/\/github\.com\/\.extraheader' && git config --local --unset-all 'http.https://github.com/.extraheader' || :"
2026-01-23T04:16:07.3700880Z [command]/usr/sbin/git config --local --name-only --get-regexp ^includeIf\.gitdir:
2026-01-23T04:16:07.3732540Z [command]/usr/sbin/git submodule foreach --recursive git config --local --show-origin --name-only --get-regexp remote.origin.url
2026-01-23T04:16:07.4132656Z Stop and remove container: 2d1d53f660ef471a9988ce1b17314880_archlinuxlatest_b0fcfb
2026-01-23T04:16:07.4136920Z ##[command]/usr/bin/docker rm --force ef49fc72af79922a6a6775f290c69ee6641ff4bded7cb9203df576cec4cd6800
2026-01-23T04:16:10.2260442Z ef49fc72af79922a6a6775f290c69ee6641ff4bded7cb9203df576cec4cd6800
2026-01-23T04:16:10.2289485Z Remove container network: github_network_e011d551e56740558201aef1848b9473
2026-01-23T04:16:10.2294368Z ##[command]/usr/bin/docker network rm github_network_e011d551e56740558201aef1848b9473
2026-01-23T04:16:10.3487137Z github_network_e011d551e56740558201aef1848b9473
2026-01-23T04:16:10.3545525Z Cleaning up orphan processes
