2026-01-23T04:19:17.2669935Z Current runner version: '2.331.0'
2026-01-23T04:19:17.2695409Z ##[group]Runner Image Provisioner
2026-01-23T04:19:17.2696353Z Hosted Compute Agent
2026-01-23T04:19:17.2696872Z Version: 20260115.477
2026-01-23T04:19:17.2697769Z Commit: 4b342d620503cbe250a3154040964899ea7c9b00
2026-01-23T04:19:17.2698548Z Build Date: 2026-01-15T22:32:41Z
2026-01-23T04:19:17.2699209Z Worker ID: {27f55c6b-29c5-40e7-b28e-ff8cbabdc374}
2026-01-23T04:19:17.2699868Z Azure Region: westus
2026-01-23T04:19:17.2700435Z ##[endgroup]
2026-01-23T04:19:17.2701869Z ##[group]Operating System
2026-01-23T04:19:17.2702429Z Ubuntu
2026-01-23T04:19:17.2702995Z 24.04.3
2026-01-23T04:19:17.2703413Z LTS
2026-01-23T04:19:17.2703860Z ##[endgroup]
2026-01-23T04:19:17.2704336Z ##[group]Runner Image
2026-01-23T04:19:17.2704886Z Image: ubuntu-24.04
2026-01-23T04:19:17.2705346Z Version: 20260119.4.1
2026-01-23T04:19:17.2706588Z Included Software: https://github.com/actions/runner-images/blob/ubuntu24/20260119.4/images/ubuntu/Ubuntu2404-Readme.md
2026-01-23T04:19:17.2708360Z Image Release: https://github.com/actions/runner-images/releases/tag/ubuntu24%2F20260119.4
2026-01-23T04:19:17.2709317Z ##[endgroup]
2026-01-23T04:19:17.2710363Z ##[group]GITHUB_TOKEN Permissions
2026-01-23T04:19:17.2712412Z Contents: read
2026-01-23T04:19:17.2712942Z Metadata: read
2026-01-23T04:19:17.2713447Z Packages: read
2026-01-23T04:19:17.2713889Z ##[endgroup]
2026-01-23T04:19:17.2716492Z Secret source: Actions
2026-01-23T04:19:17.2717489Z Prepare workflow directory
2026-01-23T04:19:17.3111360Z Prepare all required actions
2026-01-23T04:19:17.3150782Z Getting action download info
2026-01-23T04:19:17.8312838Z Download action repository 'actions/checkout@v4' (SHA:34e114876b0b11c390a56381ad16ebd13914f8d5)
2026-01-23T04:19:17.9286028Z Download action repository 'dtolnay/rust-toolchain@stable' (SHA:4be9e76fd7c4901c61fb841f559994984270fce7)
2026-01-23T04:19:18.3879273Z Download action repository 'crate-ci/typos@master' (SHA:65120634e79d8374d1aa2f27e54baa0c364fff5a)
2026-01-23T04:19:19.2186315Z Download action repository 'EmbarkStudios/cargo-deny-action@v2' (SHA:3fd3802e88374d3fe9159b834c7714ec57d6c979)
2026-01-23T04:19:19.8442166Z Complete job name: Qual & Sec
2026-01-23T04:19:19.8898332Z ##[group]Build container for action use: '/home/runner/work/_actions/EmbarkStudios/cargo-deny-action/v2/Dockerfile'.
2026-01-23T04:19:19.8948303Z ##[command]/usr/bin/docker build -t 21f23a:4c1ac13569c44949bf3e9157e1f2a9c5 -f "/home/runner/work/_actions/EmbarkStudios/cargo-deny-action/v2/Dockerfile" "/home/runner/work/_actions/EmbarkStudios/cargo-deny-action/v2"
2026-01-23T04:19:20.4478120Z #0 building with "default" instance using docker driver
2026-01-23T04:19:20.4478729Z 
2026-01-23T04:19:20.4478937Z #1 [internal] load build definition from Dockerfile
2026-01-23T04:19:20.4479446Z #1 transferring dockerfile: 508B done
2026-01-23T04:19:20.4479841Z #1 DONE 0.0s
2026-01-23T04:19:20.4480030Z 
2026-01-23T04:19:20.4480724Z #2 [internal] load metadata for docker.io/library/rust:1.85.0-alpine3.20@sha256:f0cef6c65992995b1c7816cb667de95799852e3fbed9d06f95855cbc512a0fd0
2026-01-23T04:19:20.6850401Z #2 ...
2026-01-23T04:19:20.6850733Z 
2026-01-23T04:19:20.6851169Z #3 [auth] library/rust:pull token for registry-1.docker.io
2026-01-23T04:19:20.6851784Z #3 DONE 0.0s
2026-01-23T04:19:20.8358634Z 
2026-01-23T04:19:20.8359611Z #2 [internal] load metadata for docker.io/library/rust:1.85.0-alpine3.20@sha256:f0cef6c65992995b1c7816cb667de95799852e3fbed9d06f95855cbc512a0fd0
2026-01-23T04:19:21.3100399Z #2 DONE 1.0s
2026-01-23T04:19:21.4272817Z 
2026-01-23T04:19:21.4273221Z #4 [internal] load .dockerignore
2026-01-23T04:19:21.4273764Z #4 transferring context: 2B done
2026-01-23T04:19:21.4276214Z #4 DONE 0.0s
2026-01-23T04:19:21.4276471Z 
2026-01-23T04:19:21.4276656Z #5 [internal] load build context
2026-01-23T04:19:21.4277403Z #5 transferring context: 1.19kB done
2026-01-23T04:19:21.4277940Z #5 DONE 0.0s
2026-01-23T04:19:21.4278226Z 
2026-01-23T04:19:21.4278771Z #6 [1/3] FROM docker.io/library/rust:1.85.0-alpine3.20@sha256:f0cef6c65992995b1c7816cb667de95799852e3fbed9d06f95855cbc512a0fd0
2026-01-23T04:19:21.4280400Z #6 resolve docker.io/library/rust:1.85.0-alpine3.20@sha256:f0cef6c65992995b1c7816cb667de95799852e3fbed9d06f95855cbc512a0fd0 done
2026-01-23T04:19:21.4281460Z #6 sha256:0a9a5dfd008f05ebc27e4790db0709a29e527690c21bcbcd01481eaeb6bb49dc 0B / 3.63MB 0.1s
2026-01-23T04:19:21.4282344Z #6 sha256:d0430b4a2b30329b0c06034d1df61c2f3533c436834a54b76def8756d804d888 0B / 55.32MB 0.1s
2026-01-23T04:19:21.4283190Z #6 sha256:8fda7dd06f6e434e3727cd86155430a51568846533e3824548334e20f1078e28 0B / 239.16MB 0.1s
2026-01-23T04:19:21.4284080Z #6 sha256:f0cef6c65992995b1c7816cb667de95799852e3fbed9d06f95855cbc512a0fd0 2.63kB / 2.63kB done
2026-01-23T04:19:21.4284867Z #6 sha256:6d824fef86a8532aecead5889d49d432d19e0dd58b958266c994cca9eb7a3357 1.54kB / 1.54kB done
2026-01-23T04:19:21.4285529Z #6 sha256:7c38e59fb99c1014ea6d250d396bb9bf55981f1d69fe17ed05047b90cd119ca9 2.53kB / 2.53kB done
2026-01-23T04:19:21.5295459Z #6 sha256:8fda7dd06f6e434e3727cd86155430a51568846533e3824548334e20f1078e28 25.17MB / 239.16MB 0.2s
2026-01-23T04:19:21.7265576Z #6 sha256:d0430b4a2b30329b0c06034d1df61c2f3533c436834a54b76def8756d804d888 34.60MB / 55.32MB 0.4s
2026-01-23T04:19:21.7266846Z #6 sha256:8fda7dd06f6e434e3727cd86155430a51568846533e3824548334e20f1078e28 55.57MB / 239.16MB 0.4s
2026-01-23T04:19:21.8272792Z #6 sha256:d0430b4a2b30329b0c06034d1df61c2f3533c436834a54b76def8756d804d888 55.32MB / 55.32MB 0.5s
2026-01-23T04:19:21.8273755Z #6 sha256:8fda7dd06f6e434e3727cd86155430a51568846533e3824548334e20f1078e28 91.23MB / 239.16MB 0.5s
2026-01-23T04:19:22.0305183Z #6 sha256:d0430b4a2b30329b0c06034d1df61c2f3533c436834a54b76def8756d804d888 55.32MB / 55.32MB 0.5s done
2026-01-23T04:19:22.0307640Z #6 sha256:8fda7dd06f6e434e3727cd86155430a51568846533e3824548334e20f1078e28 149.95MB / 239.16MB 0.7s
2026-01-23T04:19:22.2268880Z #6 sha256:0a9a5dfd008f05ebc27e4790db0709a29e527690c21bcbcd01481eaeb6bb49dc 3.63MB / 3.63MB 0.7s done
2026-01-23T04:19:22.2270532Z #6 sha256:8fda7dd06f6e434e3727cd86155430a51568846533e3824548334e20f1078e28 186.65MB / 239.16MB 0.9s
2026-01-23T04:19:22.2271956Z #6 extracting sha256:0a9a5dfd008f05ebc27e4790db0709a29e527690c21bcbcd01481eaeb6bb49dc 0.1s done
2026-01-23T04:19:22.3389660Z #6 sha256:8fda7dd06f6e434e3727cd86155430a51568846533e3824548334e20f1078e28 211.49MB / 239.16MB 1.0s
2026-01-23T04:19:22.3390874Z #6 extracting sha256:d0430b4a2b30329b0c06034d1df61c2f3533c436834a54b76def8756d804d888 0.1s
2026-01-23T04:19:22.4453636Z #6 sha256:8fda7dd06f6e434e3727cd86155430a51568846533e3824548334e20f1078e28 239.16MB / 239.16MB 1.1s
2026-01-23T04:19:22.7842215Z #6 sha256:8fda7dd06f6e434e3727cd86155430a51568846533e3824548334e20f1078e28 239.16MB / 239.16MB 1.3s done
2026-01-23T04:19:23.3907713Z #6 extracting sha256:d0430b4a2b30329b0c06034d1df61c2f3533c436834a54b76def8756d804d888 1.0s done
2026-01-23T04:19:23.4360182Z #6 extracting sha256:8fda7dd06f6e434e3727cd86155430a51568846533e3824548334e20f1078e28
2026-01-23T04:19:26.4082562Z #6 extracting sha256:8fda7dd06f6e434e3727cd86155430a51568846533e3824548334e20f1078e28 2.8s done
2026-01-23T04:19:27.7379587Z #6 DONE 6.4s
2026-01-23T04:19:27.8887559Z 
2026-01-23T04:19:27.8889103Z #7 [2/3] RUN set -eux;     apk update;     apk add bash curl git tar openssh;     curl --silent -L https://github.com/EmbarkStudios/cargo-deny/releases/download/0.19.0/cargo-deny-0.19.0-x86_64-unknown-linux-musl.tar.gz | tar -xzv -C /usr/bin --strip-components=1;
2026-01-23T04:19:27.8890923Z #7 0.150 + apk update
2026-01-23T04:19:28.1219988Z #7 0.157 fetch https://dl-cdn.alpinelinux.org/alpine/v3.20/main/x86_64/APKINDEX.tar.gz
2026-01-23T04:19:28.1221269Z #7 0.233 fetch https://dl-cdn.alpinelinux.org/alpine/v3.20/community/x86_64/APKINDEX.tar.gz
2026-01-23T04:19:28.2541083Z #7 0.515 v3.20.8-117-gb634d192f10 [https://dl-cdn.alpinelinux.org/alpine/v3.20/main]
2026-01-23T04:19:28.2542726Z #7 0.515 v3.20.8-115-g409235effe2 [https://dl-cdn.alpinelinux.org/alpine/v3.20/community]
2026-01-23T04:19:28.2543684Z #7 0.515 OK: 24179 distinct packages available
2026-01-23T04:19:28.4713606Z #7 0.582 + apk add bash curl git tar openssh
2026-01-23T04:19:28.6104581Z #7 0.872 (1/26) Installing ncurses-terminfo-base (6.4_p20240420-r2)
2026-01-23T04:19:28.7132505Z #7 0.901 (2/26) Installing libncursesw (6.4_p20240420-r2)
2026-01-23T04:19:28.7133286Z #7 0.915 (3/26) Installing readline (8.2.10-r0)
2026-01-23T04:19:28.7133694Z #7 0.922 (4/26) Installing bash (5.2.26-r0)
2026-01-23T04:19:28.7134030Z #7 0.939 Executing bash-5.2.26-r0.post-install
2026-01-23T04:19:28.7134408Z #7 0.942 (5/26) Installing brotli-libs (1.1.0-r2)
2026-01-23T04:19:28.7134706Z #7 0.953 (6/26) Installing c-ares (1.33.1-r0)
2026-01-23T04:19:28.7135001Z #7 0.957 (7/26) Installing libunistring (1.2-r0)
2026-01-23T04:19:28.7135291Z #7 0.971 (8/26) Installing libidn2 (2.3.7-r0)
2026-01-23T04:19:28.7135616Z #7 0.975 (9/26) Installing nghttp2-libs (1.62.1-r0)
2026-01-23T04:19:28.8176313Z #7 0.979 (10/26) Installing libpsl (0.21.5-r1)
2026-01-23T04:19:28.8176747Z #7 0.982 (11/26) Installing libcurl (8.14.1-r2)
2026-01-23T04:19:28.8177104Z #7 0.992 (12/26) Installing curl (8.14.1-r2)
2026-01-23T04:19:28.8177703Z #7 0.999 (13/26) Installing libexpat (2.7.3-r0)
2026-01-23T04:19:28.8178084Z #7 1.003 (14/26) Installing pcre2 (10.43-r0)
2026-01-23T04:19:28.8178418Z #7 1.014 (15/26) Installing git (2.45.4-r0)
2026-01-23T04:19:28.8178749Z #7 1.079 (16/26) Installing git-init-template (2.45.4-r0)
2026-01-23T04:19:28.9946891Z #7 1.083 (17/26) Installing openssh-keygen (9.7_p1-r5)
2026-01-23T04:19:28.9947683Z #7 1.089 (18/26) Installing libedit (20240517.3.1-r0)
2026-01-23T04:19:28.9948081Z #7 1.096 (19/26) Installing openssh-client-common (9.7_p1-r5)
2026-01-23T04:19:28.9948594Z #7 1.114 (20/26) Installing openssh-client-default (9.7_p1-r5)
2026-01-23T04:19:28.9948979Z #7 1.127 (21/26) Installing openssh-sftp-server (9.7_p1-r5)
2026-01-23T04:19:28.9949338Z #7 1.132 (22/26) Installing openssh-server-common (9.7_p1-r5)
2026-01-23T04:19:28.9949668Z #7 1.136 (23/26) Installing openssh-server (9.7_p1-r5)
2026-01-23T04:19:28.9949956Z #7 1.146 (24/26) Installing openssh (9.7_p1-r5)
2026-01-23T04:19:28.9950262Z #7 1.157 (25/26) Installing libacl (2.3.2-r0)
2026-01-23T04:19:28.9950873Z #7 1.160 (26/26) Installing tar (1.35-r2)
2026-01-23T04:19:28.9951151Z #7 1.169 Executing busybox-1.36.1-r29.trigger
2026-01-23T04:19:28.9951404Z #7 1.176 OK: 167 MiB in 53 packages
2026-01-23T04:19:28.9951757Z #7 1.255 + tar+  -xzv -Ccurl /usr/bin --silent '--strip-components=1' -L
2026-01-23T04:19:28.9952427Z #7 1.255  https://github.com/EmbarkStudios/cargo-deny/releases/download/0.19.0/cargo-deny-0.19.0-x86_64-unknown-linux-musl.tar.gz
2026-01-23T04:19:29.0976981Z #7 1.359 cargo-deny-0.19.0-x86_64-unknown-linux-musl/LICENSE-APACHE
2026-01-23T04:19:29.2485877Z #7 1.359 cargo-deny-0.19.0-x86_64-unknown-linux-musl/README.md
2026-01-23T04:19:29.2486552Z #7 1.359 cargo-deny-0.19.0-x86_64-unknown-linux-musl/LICENSE-MIT
2026-01-23T04:19:29.2488740Z #7 1.359 cargo-deny-0.19.0-x86_64-unknown-linux-musl/cargo-deny
2026-01-23T04:19:29.3093355Z #7 DONE 1.6s
2026-01-23T04:19:29.4798342Z 
2026-01-23T04:19:29.4798861Z #8 [3/3] COPY entrypoint.sh /entrypoint.sh
2026-01-23T04:19:29.4799366Z #8 DONE 0.0s
2026-01-23T04:19:29.4799536Z 
2026-01-23T04:19:29.4799679Z #9 exporting to image
2026-01-23T04:19:29.4800016Z #9 exporting layers
2026-01-23T04:19:30.0075288Z #9 exporting layers 0.7s done
2026-01-23T04:19:30.0280358Z #9 writing image sha256:ebf116c5ce63e6c3ede1cfb4384c220d177c697963ba40a55faaff367e3337d5 done
2026-01-23T04:19:30.0281421Z #9 naming to docker.io/library/21f23a:4c1ac13569c44949bf3e9157e1f2a9c5 done
2026-01-23T04:19:30.0282008Z #9 DONE 0.7s
2026-01-23T04:19:30.0342375Z ##[endgroup]
2026-01-23T04:19:30.0613719Z ##[group]Run actions/checkout@v4
2026-01-23T04:19:30.0614278Z with:
2026-01-23T04:19:30.0614469Z   repository: PyRo1121/omg
2026-01-23T04:19:30.0614859Z   token: ***
2026-01-23T04:19:30.0615041Z   ssh-strict: true
2026-01-23T04:19:30.0615217Z   ssh-user: git
2026-01-23T04:19:30.0615411Z   persist-credentials: true
2026-01-23T04:19:30.0615615Z   clean: true
2026-01-23T04:19:30.0616025Z   sparse-checkout-cone-mode: true
2026-01-23T04:19:30.0616253Z   fetch-depth: 1
2026-01-23T04:19:30.0616432Z   fetch-tags: false
2026-01-23T04:19:30.0616615Z   show-progress: true
2026-01-23T04:19:30.0616800Z   lfs: false
2026-01-23T04:19:30.0616965Z   submodules: false
2026-01-23T04:19:30.0617148Z   set-safe-directory: true
2026-01-23T04:19:30.0617874Z env:
2026-01-23T04:19:30.0618044Z   CARGO_TERM_COLOR: always
2026-01-23T04:19:30.0618267Z   RUSTFLAGS: -D warnings
2026-01-23T04:19:30.0618471Z ##[endgroup]
2026-01-23T04:19:30.1726450Z Syncing repository: PyRo1121/omg
2026-01-23T04:19:30.1728045Z ##[group]Getting Git version info
2026-01-23T04:19:30.1728535Z Working directory is '/home/runner/work/omg/omg'
2026-01-23T04:19:30.1729103Z [command]/usr/bin/git version
2026-01-23T04:19:30.1735057Z git version 2.52.0
2026-01-23T04:19:30.1761654Z ##[endgroup]
2026-01-23T04:19:30.1784042Z Temporarily overriding HOME='/home/runner/work/_temp/74e30cfc-5f76-4e39-a749-957a25cbcf23' before making global git config changes
2026-01-23T04:19:30.1785354Z Adding repository directory to the temporary git global config as a safe directory
2026-01-23T04:19:30.1789964Z [command]/usr/bin/git config --global --add safe.directory /home/runner/work/omg/omg
2026-01-23T04:19:30.1831946Z Deleting the contents of '/home/runner/work/omg/omg'
2026-01-23T04:19:30.1835344Z ##[group]Initializing the repository
2026-01-23T04:19:30.1839724Z [command]/usr/bin/git init /home/runner/work/omg/omg
2026-01-23T04:19:30.1949541Z hint: Using 'master' as the name for the initial branch. This default branch name
2026-01-23T04:19:30.1950641Z hint: will change to "main" in Git 3.0. To configure the initial branch name
2026-01-23T04:19:30.1951628Z hint: to use in all of your new repositories, which will suppress this warning,
2026-01-23T04:19:30.1952368Z hint: call:
2026-01-23T04:19:30.1952682Z hint:
2026-01-23T04:19:30.1953157Z hint: 	git config --global init.defaultBranch <name>
2026-01-23T04:19:30.2030151Z hint:
2026-01-23T04:19:30.2030830Z hint: Names commonly chosen instead of 'master' are 'main', 'trunk' and
2026-01-23T04:19:30.2031820Z hint: 'development'. The just-created branch can be renamed via this command:
2026-01-23T04:19:30.2032530Z hint:
2026-01-23T04:19:30.2032888Z hint: 	git branch -m <name>
2026-01-23T04:19:30.2033236Z hint:
2026-01-23T04:19:30.2033757Z hint: Disable this message with "git config set advice.defaultBranchName false"
2026-01-23T04:19:30.2034492Z Initialized empty Git repository in /home/runner/work/omg/omg/.git/
2026-01-23T04:19:30.2035540Z [command]/usr/bin/git remote add origin https://github.com/PyRo1121/omg
2026-01-23T04:19:30.2036368Z ##[endgroup]
2026-01-23T04:19:30.2036746Z ##[group]Disabling automatic garbage collection
2026-01-23T04:19:30.2037061Z [command]/usr/bin/git config --local gc.auto 0
2026-01-23T04:19:30.2045109Z ##[endgroup]
2026-01-23T04:19:30.2045685Z ##[group]Setting up auth
2026-01-23T04:19:30.2053923Z [command]/usr/bin/git config --local --name-only --get-regexp core\.sshCommand
2026-01-23T04:19:30.2088233Z [command]/usr/bin/git submodule foreach --recursive sh -c "git config --local --name-only --get-regexp 'core\.sshCommand' && git config --local --unset-all 'core.sshCommand' || :"
2026-01-23T04:19:30.2491286Z [command]/usr/bin/git config --local --name-only --get-regexp http\.https\:\/\/github\.com\/\.extraheader
2026-01-23T04:19:30.2525378Z [command]/usr/bin/git submodule foreach --recursive sh -c "git config --local --name-only --get-regexp 'http\.https\:\/\/github\.com\/\.extraheader' && git config --local --unset-all 'http.https://github.com/.extraheader' || :"
2026-01-23T04:19:30.2763229Z [command]/usr/bin/git config --local --name-only --get-regexp ^includeIf\.gitdir:
2026-01-23T04:19:30.2798319Z [command]/usr/bin/git submodule foreach --recursive git config --local --show-origin --name-only --get-regexp remote.origin.url
2026-01-23T04:19:30.3034175Z [command]/usr/bin/git config --local http.https://github.com/.extraheader AUTHORIZATION: basic ***
2026-01-23T04:19:30.3072033Z ##[endgroup]
2026-01-23T04:19:30.3072718Z ##[group]Fetching the repository
2026-01-23T04:19:30.3081424Z [command]/usr/bin/git -c protocol.version=2 fetch --no-tags --prune --no-recurse-submodules --depth=1 origin +82de736fabf7077d59a453f965b02656355e8179:refs/remotes/origin/main
2026-01-23T04:19:42.7664407Z From https://github.com/PyRo1121/omg
2026-01-23T04:19:42.7664987Z  * [new ref]         82de736fabf7077d59a453f965b02656355e8179 -> origin/main
2026-01-23T04:19:42.7696657Z ##[endgroup]
2026-01-23T04:19:42.7697544Z ##[group]Determining the checkout info
2026-01-23T04:19:42.7700048Z ##[endgroup]
2026-01-23T04:19:42.7706119Z [command]/usr/bin/git sparse-checkout disable
2026-01-23T04:19:42.7747484Z [command]/usr/bin/git config --local --unset-all extensions.worktreeConfig
2026-01-23T04:19:42.7774090Z ##[group]Checking out the ref
2026-01-23T04:19:42.7779699Z [command]/usr/bin/git checkout --progress --force -B main refs/remotes/origin/main
2026-01-23T04:19:43.6209508Z Switched to a new branch 'main'
2026-01-23T04:19:43.6210753Z branch 'main' set up to track 'origin/main'.
2026-01-23T04:19:43.6339793Z ##[endgroup]
2026-01-23T04:19:43.6382668Z [command]/usr/bin/git log -1 --format=%H
2026-01-23T04:19:43.6406472Z 82de736fabf7077d59a453f965b02656355e8179
2026-01-23T04:19:43.6692644Z ##[group]Run dtolnay/rust-toolchain@stable
2026-01-23T04:19:43.6692942Z with:
2026-01-23T04:19:43.6693119Z   components: rustfmt, clippy
2026-01-23T04:19:43.6693345Z   toolchain: stable
2026-01-23T04:19:43.6693518Z env:
2026-01-23T04:19:43.6693683Z   CARGO_TERM_COLOR: always
2026-01-23T04:19:43.6693895Z   RUSTFLAGS: -D warnings
2026-01-23T04:19:43.6694085Z ##[endgroup]
2026-01-23T04:19:43.6800351Z ##[group]Run : parse toolchain version
2026-01-23T04:19:43.6800716Z [36;1m: parse toolchain version[0m
2026-01-23T04:19:43.6800975Z [36;1mif [[ -z $toolchain ]]; then[0m
2026-01-23T04:19:43.6801493Z [36;1m  # GitHub does not enforce `required: true` inputs itself. https://github.com/actions/runner/issues/1070[0m
2026-01-23T04:19:43.6802029Z [36;1m  echo "'toolchain' is a required input" >&2[0m
2026-01-23T04:19:43.6802319Z [36;1m  exit 1[0m
2026-01-23T04:19:43.6802631Z [36;1melif [[ $toolchain =~ ^stable' '[0-9]+' '(year|month|week|day)s?' 'ago$ ]]; then[0m
2026-01-23T04:19:43.6803061Z [36;1m  if [[ Linux == macOS ]]; then[0m
2026-01-23T04:19:43.6803555Z [36;1m    echo "toolchain=1.$((($(date -v-$(sed 's/stable \([0-9]*\) \(.\).*/\1\2/' <<< $toolchain) +%s)/60/60/24-16569)/7/6))" >> $GITHUB_OUTPUT[0m
2026-01-23T04:19:43.6804048Z [36;1m  else[0m
2026-01-23T04:19:43.6804422Z [36;1m    echo "toolchain=1.$((($(date --date "${toolchain#stable }" +%s)/60/60/24-16569)/7/6))" >> $GITHUB_OUTPUT[0m
2026-01-23T04:19:43.6804842Z [36;1m  fi[0m
2026-01-23T04:19:43.6805110Z [36;1melif [[ $toolchain =~ ^stable' 'minus' '[0-9]+' 'releases?$ ]]; then[0m
2026-01-23T04:19:43.6805606Z [36;1m  echo "toolchain=1.$((($(date +%s)/60/60/24-16569)/7/6-${toolchain//[^0-9]/}))" >> $GITHUB_OUTPUT[0m
2026-01-23T04:19:43.6806038Z [36;1melif [[ $toolchain =~ ^1\.[0-9]+$ ]]; then[0m
2026-01-23T04:19:43.6806530Z [36;1m  echo "toolchain=1.$((i=${toolchain#1.}, c=($(date +%s)/60/60/24-16569)/7/6, i+9*i*(10*i<=c)+90*i*(100*i<=c)))" >> $GITHUB_OUTPUT[0m
2026-01-23T04:19:43.6806993Z [36;1melse[0m
2026-01-23T04:19:43.6807430Z [36;1m  echo "toolchain=$toolchain" >> $GITHUB_OUTPUT[0m
2026-01-23T04:19:43.6807701Z [36;1mfi[0m
2026-01-23T04:19:43.6842564Z shell: /usr/bin/bash --noprofile --norc -e -o pipefail {0}
2026-01-23T04:19:43.6842888Z env:
2026-01-23T04:19:43.6843059Z   CARGO_TERM_COLOR: always
2026-01-23T04:19:43.6843280Z   RUSTFLAGS: -D warnings
2026-01-23T04:19:43.6843497Z   toolchain: stable
2026-01-23T04:19:43.6843682Z ##[endgroup]
2026-01-23T04:19:43.6980312Z ##[group]Run : construct rustup command line
2026-01-23T04:19:43.6980633Z [36;1m: construct rustup command line[0m
2026-01-23T04:19:43.6981064Z [36;1mecho "targets=$(for t in ${targets//,/ }; do echo -n ' --target' $t; done)" >> $GITHUB_OUTPUT[0m
2026-01-23T04:19:43.6981693Z [36;1mecho "components=$(for c in ${components//,/ }; do echo -n ' --component' $c; done)" >> $GITHUB_OUTPUT[0m
2026-01-23T04:19:43.6982370Z [36;1mecho "downgrade=" >> $GITHUB_OUTPUT[0m
2026-01-23T04:19:43.7013429Z shell: /usr/bin/bash --noprofile --norc -e -o pipefail {0}
2026-01-23T04:19:43.7013753Z env:
2026-01-23T04:19:43.7013924Z   CARGO_TERM_COLOR: always
2026-01-23T04:19:43.7014138Z   RUSTFLAGS: -D warnings
2026-01-23T04:19:43.7014337Z   targets: 
2026-01-23T04:19:43.7014521Z   components: rustfmt, clippy
2026-01-23T04:19:43.7014728Z ##[endgroup]
2026-01-23T04:19:43.7094567Z ##[group]Run : set $CARGO_HOME
2026-01-23T04:19:43.7094816Z [36;1m: set $CARGO_HOME[0m
2026-01-23T04:19:43.7095111Z [36;1mecho CARGO_HOME=${CARGO_HOME:-"$HOME/.cargo"} >> $GITHUB_ENV[0m
2026-01-23T04:19:43.7124112Z shell: /usr/bin/bash --noprofile --norc -e -o pipefail {0}
2026-01-23T04:19:43.7124442Z env:
2026-01-23T04:19:43.7124611Z   CARGO_TERM_COLOR: always
2026-01-23T04:19:43.7124842Z   RUSTFLAGS: -D warnings
2026-01-23T04:19:43.7125039Z ##[endgroup]
2026-01-23T04:19:43.7201520Z ##[group]Run : install rustup if needed
2026-01-23T04:19:43.7201820Z [36;1m: install rustup if needed[0m
2026-01-23T04:19:43.7202096Z [36;1mif ! command -v rustup &>/dev/null; then[0m
2026-01-23T04:19:43.7203037Z [36;1m  curl --proto '=https' --tlsv1.2 --retry 10 --retry-connrefused --location --silent --show-error --fail https://sh.rustup.rs | sh -s -- --default-toolchain none -y[0m
2026-01-23T04:19:43.7203783Z [36;1m  echo "$CARGO_HOME/bin" >> $GITHUB_PATH[0m
2026-01-23T04:19:43.7204047Z [36;1mfi[0m
2026-01-23T04:19:43.7233816Z shell: /usr/bin/bash --noprofile --norc -e -o pipefail {0}
2026-01-23T04:19:43.7234143Z env:
2026-01-23T04:19:43.7234306Z   CARGO_TERM_COLOR: always
2026-01-23T04:19:43.7234521Z   RUSTFLAGS: -D warnings
2026-01-23T04:19:43.7234732Z   CARGO_HOME: /home/runner/.cargo
2026-01-23T04:19:43.7234960Z ##[endgroup]
2026-01-23T04:19:43.7314150Z ##[group]Run rustup toolchain install stable --component rustfmt --component clippy --profile minimal --no-self-update
2026-01-23T04:19:43.7314940Z [36;1mrustup toolchain install stable --component rustfmt --component clippy --profile minimal --no-self-update[0m
2026-01-23T04:19:43.7344305Z shell: /usr/bin/bash --noprofile --norc -e -o pipefail {0}
2026-01-23T04:19:43.7344617Z env:
2026-01-23T04:19:43.7344787Z   CARGO_TERM_COLOR: always
2026-01-23T04:19:43.7344998Z   RUSTFLAGS: -D warnings
2026-01-23T04:19:43.7345215Z   CARGO_HOME: /home/runner/.cargo
2026-01-23T04:19:43.7345455Z   RUSTUP_PERMIT_COPY_RENAME: 1
2026-01-23T04:19:43.7345692Z ##[endgroup]
2026-01-23T04:19:44.0924612Z info: syncing channel updates for 'stable-x86_64-unknown-linux-gnu'
2026-01-23T04:19:44.2790298Z info: latest update on 2026-01-22, rust version 1.93.0 (254b59607 2026-01-19)
2026-01-23T04:19:44.3242955Z info: downloading component 'clippy'
2026-01-23T04:19:44.3527892Z info: downloading component 'rustfmt'
2026-01-23T04:19:44.3768457Z info: downloading component 'cargo'
2026-01-23T04:19:44.5523272Z info: downloading component 'rust-std'
2026-01-23T04:19:45.3030238Z info: downloading component 'rustc'
2026-01-23T04:19:46.5269841Z info: removing previous version of component 'clippy'
2026-01-23T04:19:46.5284461Z info: removing previous version of component 'rustfmt'
2026-01-23T04:19:46.5295050Z info: removing previous version of component 'cargo'
2026-01-23T04:19:46.5391736Z info: removing previous version of component 'rust-std'
2026-01-23T04:19:46.5421903Z info: removing previous version of component 'rustc'
2026-01-23T04:19:46.5521923Z info: installing component 'clippy'
2026-01-23T04:19:46.9304825Z info: installing component 'rustfmt'
2026-01-23T04:19:47.1622796Z info: installing component 'cargo'
2026-01-23T04:19:47.8787368Z info: installing component 'rust-std'
2026-01-23T04:19:49.7895093Z info: installing component 'rustc'
2026-01-23T04:19:54.5016364Z 
2026-01-23T04:19:54.5125585Z   stable-x86_64-unknown-linux-gnu updated - rustc 1.93.0 (254b59607 2026-01-19) (from rustc 1.92.0 (ded5c06cf 2025-12-08))
2026-01-23T04:19:54.5126476Z 
2026-01-23T04:19:54.5187000Z ##[group]Run rustup default stable
2026-01-23T04:19:54.5187747Z [36;1mrustup default stable[0m
2026-01-23T04:19:54.5219657Z shell: /usr/bin/bash --noprofile --norc -e -o pipefail {0}
2026-01-23T04:19:54.5220043Z env:
2026-01-23T04:19:54.5220241Z   CARGO_TERM_COLOR: always
2026-01-23T04:19:54.5220491Z   RUSTFLAGS: -D warnings
2026-01-23T04:19:54.5220743Z   CARGO_HOME: /home/runner/.cargo
2026-01-23T04:19:54.5221004Z ##[endgroup]
2026-01-23T04:19:54.5323171Z info: using existing install for 'stable-x86_64-unknown-linux-gnu'
2026-01-23T04:19:54.5618449Z info: default toolchain set to 'stable-x86_64-unknown-linux-gnu'
2026-01-23T04:19:54.5618870Z 
2026-01-23T04:19:54.5705553Z   stable-x86_64-unknown-linux-gnu unchanged - rustc 1.93.0 (254b59607 2026-01-19)
2026-01-23T04:19:54.5706044Z 
2026-01-23T04:19:54.5707034Z info: note that the toolchain 'nightly-x86_64-unknown-linux-gnu' is currently in use (overridden by '/home/runner/work/omg/omg/rust-toolchain.toml')
2026-01-23T04:19:54.5750164Z ##[group]Run : create cachekey
2026-01-23T04:19:54.5750443Z [36;1m: create cachekey[0m
2026-01-23T04:19:54.5751120Z [36;1mDATE=$(rustc +stable --version --verbose | sed -ne 's/^commit-date: \(20[0-9][0-9]\)-\([01][0-9]\)-\([0-3][0-9]\)$/\1\2\3/p')[0m
2026-01-23T04:19:54.5751788Z [36;1mHASH=$(rustc +stable --version --verbose | sed -ne 's/^commit-hash: //p')[0m
2026-01-23T04:19:54.5752276Z [36;1mecho "cachekey=$(echo $DATE$HASH | head -c12)" >> $GITHUB_OUTPUT[0m
2026-01-23T04:19:54.5783057Z shell: /usr/bin/bash --noprofile --norc -e -o pipefail {0}
2026-01-23T04:19:54.5783372Z env:
2026-01-23T04:19:54.5783550Z   CARGO_TERM_COLOR: always
2026-01-23T04:19:54.5783762Z   RUSTFLAGS: -D warnings
2026-01-23T04:19:54.5783980Z   CARGO_HOME: /home/runner/.cargo
2026-01-23T04:19:54.5784199Z ##[endgroup]
2026-01-23T04:19:54.6166606Z ##[group]Run : disable incremental compilation
2026-01-23T04:19:54.6167036Z [36;1m: disable incremental compilation[0m
2026-01-23T04:19:54.6167823Z [36;1mif [ -z "${CARGO_INCREMENTAL+set}" ]; then[0m
2026-01-23T04:19:54.6168185Z [36;1m  echo CARGO_INCREMENTAL=0 >> $GITHUB_ENV[0m
2026-01-23T04:19:54.6168482Z [36;1mfi[0m
2026-01-23T04:19:54.6199654Z shell: /usr/bin/bash --noprofile --norc -e -o pipefail {0}
2026-01-23T04:19:54.6200008Z env:
2026-01-23T04:19:54.6200188Z   CARGO_TERM_COLOR: always
2026-01-23T04:19:54.6200410Z   RUSTFLAGS: -D warnings
2026-01-23T04:19:54.6200629Z   CARGO_HOME: /home/runner/.cargo
2026-01-23T04:19:54.6200863Z ##[endgroup]
2026-01-23T04:19:54.6286841Z ##[group]Run : enable colors in Cargo output
2026-01-23T04:19:54.6287425Z [36;1m: enable colors in Cargo output[0m
2026-01-23T04:19:54.6287791Z [36;1mif [ -z "${CARGO_TERM_COLOR+set}" ]; then[0m
2026-01-23T04:19:54.6288167Z [36;1m  echo CARGO_TERM_COLOR=always >> $GITHUB_ENV[0m
2026-01-23T04:19:54.6288487Z [36;1mfi[0m
2026-01-23T04:19:54.6316205Z shell: /usr/bin/bash --noprofile --norc -e -o pipefail {0}
2026-01-23T04:19:54.6316524Z env:
2026-01-23T04:19:54.6316695Z   CARGO_TERM_COLOR: always
2026-01-23T04:19:54.6316917Z   RUSTFLAGS: -D warnings
2026-01-23T04:19:54.6317139Z   CARGO_HOME: /home/runner/.cargo
2026-01-23T04:19:54.6317564Z   CARGO_INCREMENTAL: 0
2026-01-23T04:19:54.6317763Z ##[endgroup]
2026-01-23T04:19:54.6383936Z ##[group]Run : enable Cargo sparse registry
2026-01-23T04:19:54.6384247Z [36;1m: enable Cargo sparse registry[0m
2026-01-23T04:19:54.6384584Z [36;1m# implemented in 1.66, stabilized in 1.68, made default in 1.70[0m
2026-01-23T04:19:54.6385283Z [36;1mif [ -z "${CARGO_REGISTRIES_CRATES_IO_PROTOCOL+set}" -o -f "/home/runner/work/_temp"/.implicit_cargo_registries_crates_io_protocol ]; then[0m
2026-01-23T04:19:54.6386016Z [36;1m  if rustc +stable --version --verbose | grep -q '^release: 1\.6[89]\.'; then[0m
2026-01-23T04:19:54.6386569Z [36;1m    touch "/home/runner/work/_temp"/.implicit_cargo_registries_crates_io_protocol || true[0m
2026-01-23T04:19:54.6387092Z [36;1m    echo CARGO_REGISTRIES_CRATES_IO_PROTOCOL=sparse >> $GITHUB_ENV[0m
2026-01-23T04:19:54.6387798Z [36;1m  elif rustc +stable --version --verbose | grep -q '^release: 1\.6[67]\.'; then[0m
2026-01-23T04:19:54.6388529Z [36;1m    touch "/home/runner/work/_temp"/.implicit_cargo_registries_crates_io_protocol || true[0m
2026-01-23T04:19:54.6389039Z [36;1m    echo CARGO_REGISTRIES_CRATES_IO_PROTOCOL=git >> $GITHUB_ENV[0m
2026-01-23T04:19:54.6389366Z [36;1m  fi[0m
2026-01-23T04:19:54.6389534Z [36;1mfi[0m
2026-01-23T04:19:54.6416965Z shell: /usr/bin/bash --noprofile --norc -e -o pipefail {0}
2026-01-23T04:19:54.6417449Z env:
2026-01-23T04:19:54.6417625Z   CARGO_TERM_COLOR: always
2026-01-23T04:19:54.6417840Z   RUSTFLAGS: -D warnings
2026-01-23T04:19:54.6418061Z   CARGO_HOME: /home/runner/.cargo
2026-01-23T04:19:54.6418284Z   CARGO_INCREMENTAL: 0
2026-01-23T04:19:54.6418472Z ##[endgroup]
2026-01-23T04:19:54.6791045Z ##[group]Run : work around spurious network errors in curl 8.0
2026-01-23T04:19:54.6791480Z [36;1m: work around spurious network errors in curl 8.0[0m
2026-01-23T04:19:54.6792024Z [36;1m# https://rust-lang.zulipchat.com/#narrow/stream/246057-t-cargo/topic/timeout.20investigation[0m
2026-01-23T04:19:54.6792669Z [36;1mif rustc +stable --version --verbose | grep -q '^release: 1\.7[01]\.'; then[0m
2026-01-23T04:19:54.6793286Z [36;1m  echo CARGO_HTTP_MULTIPLEXING=false >> $GITHUB_ENV[0m
2026-01-23T04:19:54.6793594Z [36;1mfi[0m
2026-01-23T04:19:54.6824743Z shell: /usr/bin/bash --noprofile --norc -e -o pipefail {0}
2026-01-23T04:19:54.6825065Z env:
2026-01-23T04:19:54.6825230Z   CARGO_TERM_COLOR: always
2026-01-23T04:19:54.6825452Z   RUSTFLAGS: -D warnings
2026-01-23T04:19:54.6825687Z   CARGO_HOME: /home/runner/.cargo
2026-01-23T04:19:54.6825917Z   CARGO_INCREMENTAL: 0
2026-01-23T04:19:54.6826111Z ##[endgroup]
2026-01-23T04:19:54.7048002Z ##[group]Run rustc +stable --version --verbose
2026-01-23T04:19:54.7048349Z [36;1mrustc +stable --version --verbose[0m
2026-01-23T04:19:54.7078829Z shell: /usr/bin/bash --noprofile --norc -e -o pipefail {0}
2026-01-23T04:19:54.7079162Z env:
2026-01-23T04:19:54.7079338Z   CARGO_TERM_COLOR: always
2026-01-23T04:19:54.7079571Z   RUSTFLAGS: -D warnings
2026-01-23T04:19:54.7079790Z   CARGO_HOME: /home/runner/.cargo
2026-01-23T04:19:54.7080020Z   CARGO_INCREMENTAL: 0
2026-01-23T04:19:54.7080220Z ##[endgroup]
2026-01-23T04:19:54.7259013Z rustc 1.93.0 (254b59607 2026-01-19)
2026-01-23T04:19:54.7259603Z binary: rustc
2026-01-23T04:19:54.7260017Z commit-hash: 254b59607d4417e9dffbc307138ae5c86280fe4c
2026-01-23T04:19:54.7260540Z commit-date: 2026-01-19
2026-01-23T04:19:54.7260912Z host: x86_64-unknown-linux-gnu
2026-01-23T04:19:54.7261293Z release: 1.93.0
2026-01-23T04:19:54.7261586Z LLVM version: 21.1.8
2026-01-23T04:19:54.7331812Z ##[group]Run cargo fmt --all -- --check
2026-01-23T04:19:54.7332145Z [36;1mcargo fmt --all -- --check[0m
2026-01-23T04:19:54.7363892Z shell: /usr/bin/bash -e {0}
2026-01-23T04:19:54.7364130Z env:
2026-01-23T04:19:54.7364298Z   CARGO_TERM_COLOR: always
2026-01-23T04:19:54.7364528Z   RUSTFLAGS: -D warnings
2026-01-23T04:19:54.7364746Z   CARGO_HOME: /home/runner/.cargo
2026-01-23T04:19:54.7364985Z   CARGO_INCREMENTAL: 0
2026-01-23T04:19:54.7365170Z ##[endgroup]
2026-01-23T04:19:54.7469671Z info: syncing channel updates for 'nightly-x86_64-unknown-linux-gnu'
2026-01-23T04:19:54.9060728Z info: latest update on 2026-01-23, rust version 1.95.0-nightly (39052daf9 2026-01-22)
2026-01-23T04:19:54.9061581Z info: downloading component 'cargo'
2026-01-23T04:19:54.9774531Z info: downloading component 'clippy'
2026-01-23T04:19:55.0384715Z info: downloading component 'rust-std'
2026-01-23T04:19:55.2135323Z info: downloading component 'rustc'
2026-01-23T04:19:55.7708002Z info: downloading component 'rustfmt'
2026-01-23T04:19:55.8294638Z info: installing component 'cargo'
2026-01-23T04:19:56.5597579Z info: installing component 'clippy'
2026-01-23T04:19:56.9394863Z info: installing component 'rust-std'
2026-01-23T04:19:58.8630956Z info: installing component 'rustc'
2026-01-23T04:20:03.5015142Z info: installing component 'rustfmt'
2026-01-23T04:20:04.1346482Z Diff in /home/runner/work/omg/omg/src/package_managers/apt.rs:531:
2026-01-23T04:20:04.1348512Z          name: pkg.name().to_string(),
2026-01-23T04:20:04.1349101Z          version,
2026-01-23T04:20:04.1349556Z          description: summary,
2026-01-23T04:20:04.1349997Z -        install_size: pkg
2026-01-23T04:20:04.1350348Z -            .installed()
2026-01-23T04:20:04.1350726Z -            .map_or(0, |v| v.installed_size() as i64),
2026-01-23T04:20:04.1351342Z +        install_size: pkg.installed().map_or(0, |v| v.installed_size() as i64),
2026-01-23T04:20:04.1351904Z          reason,
2026-01-23T04:20:04.1352158Z      }
2026-01-23T04:20:04.1352418Z  }
2026-01-23T04:20:04.3216996Z ##[error]Process completed with exit code 1.
2026-01-23T04:20:04.3316266Z Post job cleanup.
2026-01-23T04:20:04.4271960Z [command]/usr/bin/git version
2026-01-23T04:20:04.4310489Z git version 2.52.0
2026-01-23T04:20:04.4353442Z Temporarily overriding HOME='/home/runner/work/_temp/54951045-82d5-438c-b01a-4103af84c27b' before making global git config changes
2026-01-23T04:20:04.4354666Z Adding repository directory to the temporary git global config as a safe directory
2026-01-23T04:20:04.4359141Z [command]/usr/bin/git config --global --add safe.directory /home/runner/work/omg/omg
2026-01-23T04:20:04.4396576Z [command]/usr/bin/git config --local --name-only --get-regexp core\.sshCommand
2026-01-23T04:20:04.4430577Z [command]/usr/bin/git submodule foreach --recursive sh -c "git config --local --name-only --get-regexp 'core\.sshCommand' && git config --local --unset-all 'core.sshCommand' || :"
2026-01-23T04:20:04.4666300Z [command]/usr/bin/git config --local --name-only --get-regexp http\.https\:\/\/github\.com\/\.extraheader
2026-01-23T04:20:04.4687942Z http.https://github.com/.extraheader
2026-01-23T04:20:04.4700396Z [command]/usr/bin/git config --local --unset-all http.https://github.com/.extraheader
2026-01-23T04:20:04.4731060Z [command]/usr/bin/git submodule foreach --recursive sh -c "git config --local --name-only --get-regexp 'http\.https\:\/\/github\.com\/\.extraheader' && git config --local --unset-all 'http.https://github.com/.extraheader' || :"
2026-01-23T04:20:04.4953172Z [command]/usr/bin/git config --local --name-only --get-regexp ^includeIf\.gitdir:
2026-01-23T04:20:04.4983680Z [command]/usr/bin/git submodule foreach --recursive git config --local --show-origin --name-only --get-regexp remote.origin.url
2026-01-23T04:20:04.5329056Z Cleaning up orphan processes
